// Jest Snapshot v1, https://goo.gl/fbAQLP

exports[`basic case 1`] = `
Object {
  "handlers": Object {
    "setUsers": [Function],
  },
  "users": undefined,
}
`;

exports[`counter example 1`] = `
Object {
  "count": 1,
  "handlers": Object {
    "incrCount": [Function],
    "resetCount": [Function],
    "setCount": [Function],
  },
}
`;

exports[`loaded flag 1`] = `
Object {
  "handlers": Object {
    "setUsers": [Function],
    "setUsersLoaded": [Function],
  },
  "users": Object {},
  "usersLoaded": false,
}
`;

exports[`normal case 1`] = `
Object {
  "handlers": Object {
    "setIsVisible": [Function],
    "setUsers": [Function],
    "setUsersLoaded": [Function],
    "toggleIsVisible": [Function],
  },
  "isVisible": false,
  "users": Object {},
  "usersLoaded": false,
}
`;

exports[`toggle example 1`] = `
Object {
  "active": true,
  "handlers": Object {
    "setActive": [Function],
    "toggleActive": [Function],
  },
}
`;

exports[`withHandlers example 1`] = `
Object {
  "countA": 0,
  "countB": 0,
  "handlers": Object {
    "setAll": [Function],
    "setCountA": [Function],
    "setCountB": [Function],
  },
}
`;

exports[`without any config 1`] = `
Object {
  "handlers": Object {},
}
`;
